2026/08/12 14:33:06 Full run: 98 locations, 1m0s between locations
2026/08/12 14:33:12 [1/98] ADELAIDE: 42 upcoming workshops
POST workshop 2058035 -> 200 OK {"ok":"ok"}
POST workshop 2058036 -> 200 OK {"ok":"ok"}
POST workshop 2058037 -> 200 OK {"ok":"ok"}
POST workshop 2058055 -> 200 OK {"ok":"ok"}
POST workshop 2058056 -> 200 OK {"ok":"ok"}
POST workshop 2060927 -> 200 OK {"ok":"ok"}
POST workshop 2060928 -> 200 OK {"ok":"ok"}
POST workshop 2060929 -> 200 OK {"ok":"ok"}
POST workshop 2060930 -> 200 OK {"ok":"ok"}
POST workshop 2060939 -> 200 OK {"ok":"ok"}
POST workshop 2060940 -> 200 OK {"ok":"ok"}
POST workshop 2060941 -> 200 OK {"ok":"ok"}
POST workshop 2060942 -> 200 OK {"ok":"ok"}
POST workshop 2060943 -> 200 OK {"ok":"ok"}
POST workshop 2058040 -> 200 OK {"ok":"ok"}
POST workshop 2058041 -> 200 OK {"ok":"ok"}
POST workshop 2058042 -> 200 OK {"ok":"ok"}
POST workshop 2058058 -> 200 OK {"ok":"ok"}
POST workshop 2058059 -> 200 OK {"ok":"ok"}
POST workshop 2060931 -> 200 OK {"ok":"ok"}
POST workshop 2060932 -> 200 OK {"ok":"ok"}
POST workshop 2060933 -> 200 OK {"ok":"ok"}
POST workshop 2060934 -> 200 OK {"ok":"ok"}
POST workshop 2060944 -> 200 OK {"ok":"ok"}
POST workshop 2060945 -> 200 OK {"ok":"ok"}
POST workshop 2060946 -> 200 OK {"ok":"ok"}
POST workshop 2060947 -> 200 OK {"ok":"ok"}
POST workshop 2060948 -> 200 OK {"ok":"ok"}
POST workshop 2058045 -> 200 OK {"ok":"ok"}
POST workshop 2058046 -> 200 OK {"ok":"ok"}
POST workshop 2058047 -> 200 OK {"ok":"ok"}
POST workshop 2060935 -> 200 OK {"ok":"ok"}
POST workshop 2060936 -> 200 OK {"ok":"ok"}
POST workshop 2060937 -> 200 OK {"ok":"ok"}
POST workshop 2060938 -> 200 OK {"ok":"ok"}
POST workshop 2058052 -> 200 OK {"ok":"ok"}
POST workshop 2058053 -> 200 OK {"ok":"ok"}
POST workshop 2060949 -> 200 OK {"ok":"ok"}
POST workshop 2060950 -> 200 OK {"ok":"ok"}
POST workshop 2060951 -> 200 OK {"ok":"ok"}
POST workshop 2060952 -> 200 OK {"ok":"ok"}
POST workshop 2060953 -> 200 OK {"ok":"ok"}
2026/08/12 14:34:13 [2/98] ALBION PARK: 21 upcoming workshops
POST workshop 2057039 -> 200 OK {"ok":"ok"}
POST workshop 2057046 -> 200 OK {"ok":"ok"}
POST workshop 2059867 -> 200 OK {"ok":"ok"}
POST workshop 2059870 -> 200 OK {"ok":"ok"}
POST workshop 2059872 -> 200 OK {"ok":"ok"}
POST workshop 2059873 -> 200 OK {"ok":"ok"}
POST workshop 2060986 -> 200 OK {"ok":"ok"}
POST workshop 2057041 -> 200 OK {"ok":"ok"}
POST workshop 2057049 -> 200 OK {"ok":"ok"}
POST workshop 2059868 -> 200 OK {"ok":"ok"}
POST workshop 2059874 -> 200 OK {"ok":"ok"}
POST workshop 2059876 -> 200 OK {"ok":"ok"}
POST workshop 2059877 -> 200 OK {"ok":"ok"}
POST workshop 2060987 -> 200 OK {"ok":"ok"}
POST workshop 2057043 -> 200 OK {"ok":"ok"}
POST workshop 2059869 -> 200 OK {"ok":"ok"}
POST workshop 2057052 -> 200 OK {"ok":"ok"}
POST workshop 2059878 -> 200 OK {"ok":"ok"}
POST workshop 2059880 -> 200 OK {"ok":"ok"}
POST workshop 2059881 -> 200 OK {"ok":"ok"}
POST workshop 2060988 -> 200 OK {"ok":"ok"}
2026/08/12 14:35:14 [3/98] ALTONA: 18 upcoming workshops
POST workshop 2057456 -> 200 OK {"ok":"ok"}
POST workshop 2057457 -> 200 OK {"ok":"ok"}
POST workshop 2060332 -> 200 OK {"ok":"ok"}
POST workshop 2060333 -> 200 OK {"ok":"ok"}
POST workshop 2060334 -> 200 OK {"ok":"ok"}
POST workshop 2060335 -> 200 OK {"ok":"ok"}
POST workshop 2057460 -> 200 OK {"ok":"ok"}
POST workshop 2057461 -> 200 OK {"ok":"ok"}
POST workshop 2060336 -> 200 OK {"ok":"ok"}
POST workshop 2060337 -> 200 OK {"ok":"ok"}
POST workshop 2060338 -> 200 OK {"ok":"ok"}
POST workshop 2060339 -> 200 OK {"ok":"ok"}
POST workshop 2057464 -> 200 OK {"ok":"ok"}
POST workshop 2057465 -> 200 OK {"ok":"ok"}
POST workshop 2060340 -> 200 OK {"ok":"ok"}
POST workshop 2060341 -> 200 OK {"ok":"ok"}
POST workshop 2060342 -> 200 OK {"ok":"ok"}
POST workshop 2060343 -> 200 OK {"ok":"ok"}
2026/08/12 14:36:15 [4/98] ARMADALE: 39 upcoming workshops
POST workshop 2057779 -> 200 OK {"ok":"ok"}
POST workshop 2057787 -> 200 OK {"ok":"ok"}
POST workshop 2057788 -> 200 OK {"ok":"ok"}
POST workshop 2057789 -> 200 OK {"ok":"ok"}
POST workshop 2057790 -> 200 OK {"ok":"ok"}
POST workshop 2060660 -> 200 OK {"ok":"ok"}
POST workshop 2060661 -> 200 OK {"ok":"ok"}
POST workshop 2060666 -> 200 OK {"ok":"ok"}
POST workshop 2060667 -> 200 OK {"ok":"ok"}
POST workshop 2060668 -> 200 OK {"ok":"ok"}
POST workshop 2060669 -> 200 OK {"ok":"ok"}
POST workshop 2060670 -> 200 OK {"ok":"ok"}
POST workshop 2060671 -> 200 OK {"ok":"ok"}
POST workshop 2057781 -> 200 OK {"ok":"ok"}
POST workshop 2057794 -> 200 OK {"ok":"ok"}
POST workshop 2057795 -> 200 OK {"ok":"ok"}
POST workshop 2057796 -> 200 OK {"ok":"ok"}
POST workshop 2057797 -> 200 OK {"ok":"ok"}
POST workshop 2060662 -> 200 OK {"ok":"ok"}
POST workshop 2060663 -> 200 OK {"ok":"ok"}
POST workshop 2060672 -> 200 OK {"ok":"ok"}
POST workshop 2060673 -> 200 OK {"ok":"ok"}
POST workshop 2060674 -> 200 OK {"ok":"ok"}
POST workshop 2060675 -> 200 OK {"ok":"ok"}
POST workshop 2060676 -> 200 OK {"ok":"ok"}
POST workshop 2060677 -> 200 OK {"ok":"ok"}
POST workshop 2057783 -> 200 OK {"ok":"ok"}
POST workshop 2060664 -> 200 OK {"ok":"ok"}
POST workshop 2060665 -> 200 OK {"ok":"ok"}
POST workshop 2057801 -> 200 OK {"ok":"ok"}
POST workshop 2057802 -> 200 OK {"ok":"ok"}
POST workshop 2057803 -> 200 OK {"ok":"ok"}
POST workshop 2057804 -> 200 OK {"ok":"ok"}
POST workshop 2060678 -> 200 OK {"ok":"ok"}
POST workshop 2060679 -> 200 OK {"ok":"ok"}
POST workshop 2060680 -> 200 OK {"ok":"ok"}
POST workshop 2060681 -> 200 OK {"ok":"ok"}
POST workshop 2060682 -> 200 OK {"ok":"ok"}
POST workshop 2060683 -> 200 OK {"ok":"ok"}
2026/08/12 14:37:16 [5/98] BALLARAT: 50 upcoming workshops
POST workshop 2057320 -> 200 OK {"ok":"ok"}
POST workshop 2057328 -> 200 OK {"ok":"ok"}
POST workshop 2057329 -> 200 OK {"ok":"ok"}
POST workshop 2057330 -> 200 OK {"ok":"ok"}
POST workshop 2057332 -> 200 OK {"ok":"ok"}
POST workshop 2057333 -> 200 OK {"ok":"ok"}
POST workshop 2060164 -> 200 OK {"ok":"ok"}
POST workshop 2060165 -> 200 OK {"ok":"ok"}
POST workshop 2060170 -> 200 OK {"ok":"ok"}
POST workshop 2060171 -> 200 OK {"ok":"ok"}
POST workshop 2060172 -> 200 OK {"ok":"ok"}
POST workshop 2060173 -> 200 OK {"ok":"ok"}
POST workshop 2060174 -> 200 OK {"ok":"ok"}
POST workshop 2060175 -> 200 OK {"ok":"ok"}
POST workshop 2060176 -> 200 OK {"ok":"ok"}
POST workshop 2060177 -> 200 OK {"ok":"ok"}
POST workshop 2060178 -> 200 OK {"ok":"ok"}
POST workshop 2057322 -> 200 OK {"ok":"ok"}
POST workshop 2057337 -> 200 OK {"ok":"ok"}
POST workshop 2057338 -> 200 OK {"ok":"ok"}
POST workshop 2057339 -> 200 OK {"ok":"ok"}
POST workshop 2057341 -> 200 OK {"ok":"ok"}
POST workshop 2057342 -> 200 OK {"ok":"ok"}
POST workshop 2060166 -> 200 OK {"ok":"ok"}
POST workshop 2060167 -> 200 OK {"ok":"ok"}
POST workshop 2060179 -> 200 OK {"ok":"ok"}
POST workshop 2060180 -> 200 OK {"ok":"ok"}
POST workshop 2060181 -> 200 OK {"ok":"ok"}
POST workshop 2060182 -> 200 OK {"ok":"ok"}
POST workshop 2060183 -> 200 OK {"ok":"ok"}
POST workshop 2060184 -> 200 OK {"ok":"ok"}
POST workshop 2060185 -> 200 OK {"ok":"ok"}
POST workshop 2060186 -> 200 OK {"ok":"ok"}
POST workshop 2060187 -> 200 OK {"ok":"ok"}
POST workshop 2057324 -> 200 OK {"ok":"ok"}
POST workshop 2060168 -> 200 OK {"ok":"ok"}
POST workshop 2060169 -> 200 OK {"ok":"ok"}
POST workshop 2057346 -> 200 OK {"ok":"ok"}
POST workshop 2057348 -> 200 OK {"ok":"ok"}
POST workshop 2057350 -> 200 OK {"ok":"ok"}
POST workshop 2057351 -> 200 OK {"ok":"ok"}
POST workshop 2060188 -> 200 OK {"ok":"ok"}
POST workshop 2060189 -> 200 OK {"ok":"ok"}
POST workshop 2060190 -> 200 OK {"ok":"ok"}
POST workshop 2060191 -> 200 OK {"ok":"ok"}
POST workshop 2060192 -> 200 OK {"ok":"ok"}
POST workshop 2060193 -> 200 OK {"ok":"ok"}
POST workshop 2060194 -> 200 OK {"ok":"ok"}
POST workshop 2060195 -> 200 OK {"ok":"ok"}
POST workshop 2060196 -> 200 OK {"ok":"ok"}
2026/08/12 14:38:17 [6/98] BANKSTOWN: 59 upcoming workshops
POST workshop 2056865 -> 200 OK {"ok":"ok"}
POST workshop 2056870 -> 200 OK {"ok":"ok"}
POST workshop 2056871 -> 200 OK {"ok":"ok"}
POST workshop 2056872 -> 200 OK {"ok":"ok"}
POST workshop 2056873 -> 200 OK {"ok":"ok"}
POST workshop 2059683 -> 200 OK {"ok":"ok"}
POST workshop 2059686 -> 200 OK {"ok":"ok"}
POST workshop 2059687 -> 200 OK {"ok":"ok"}
POST workshop 2059688 -> 200 OK {"ok":"ok"}
POST workshop 2059689 -> 200 OK {"ok":"ok"}
POST workshop 2059690 -> 200 OK {"ok":"ok"}
POST workshop 2059691 -> 200 OK {"ok":"ok"}
POST workshop 2059692 -> 200 OK {"ok":"ok"}
POST workshop 2061638 -> 200 OK {"ok":"ok"}
POST workshop 2061639 -> 200 OK {"ok":"ok"}
POST workshop 2061640 -> 200 OK {"ok":"ok"}
POST workshop 2061641 -> 200 OK {"ok":"ok"}
POST workshop 2061642 -> 200 OK {"ok":"ok"}
POST workshop 2061643 -> 200 OK {"ok":"ok"}
POST workshop 2061650 -> 200 OK {"ok":"ok"}
POST workshop 2056866 -> 200 OK {"ok":"ok"}
POST workshop 2056876 -> 200 OK {"ok":"ok"}
POST workshop 2056877 -> 200 OK {"ok":"ok"}
POST workshop 2056878 -> 200 OK {"ok":"ok"}
POST workshop 2056879 -> 200 OK {"ok":"ok"}
POST workshop 2059684 -> 200 OK {"ok":"ok"}
POST workshop 2059693 -> 200 OK {"ok":"ok"}
POST workshop 2059694 -> 200 OK {"ok":"ok"}
POST workshop 2059695 -> 200 OK {"ok":"ok"}
POST workshop 2059696 -> 200 OK {"ok":"ok"}
POST workshop 2059697 -> 200 OK {"ok":"ok"}
POST workshop 2059698 -> 200 OK {"ok":"ok"}
POST workshop 2059699 -> 200 OK {"ok":"ok"}
POST workshop 2061644 -> 200 OK {"ok":"ok"}
POST workshop 2061645 -> 200 OK {"ok":"ok"}
POST workshop 2061646 -> 200 OK {"ok":"ok"}
POST workshop 2061647 -> 200 OK {"ok":"ok"}
POST workshop 2061648 -> 200 OK {"ok":"ok"}
POST workshop 2061649 -> 200 OK {"ok":"ok"}
POST workshop 2061651 -> 200 OK {"ok":"ok"}
POST workshop 2056867 -> 200 OK {"ok":"ok"}
POST workshop 2059685 -> 200 OK {"ok":"ok"}
POST workshop 2061652 -> 200 OK {"ok":"ok"}
POST workshop 2056883 -> 200 OK {"ok":"ok"}
POST workshop 2056884 -> 200 OK {"ok":"ok"}
POST workshop 2056885 -> 200 OK {"ok":"ok"}
POST workshop 2059700 -> 200 OK {"ok":"ok"}
POST workshop 2059701 -> 200 OK {"ok":"ok"}
POST workshop 2059702 -> 200 OK {"ok":"ok"}
POST workshop 2059703 -> 200 OK {"ok":"ok"}
POST workshop 2059704 -> 200 OK {"ok":"ok"}
POST workshop 2059705 -> 200 OK {"ok":"ok"}
POST workshop 2059706 -> 200 OK {"ok":"ok"}
POST workshop 2061632 -> 200 OK {"ok":"ok"}
POST workshop 2061633 -> 200 OK {"ok":"ok"}
POST workshop 2061634 -> 200 OK {"ok":"ok"}
POST workshop 2061635 -> 200 OK {"ok":"ok"}
POST workshop 2061636 -> 200 OK {"ok":"ok"}
POST workshop 2061637 -> 200 OK {"ok":"ok"}
2026/08/12 14:39:19 [7/98] BEAUDESERT: 18 upcoming workshops
POST workshop 2055567 -> 200 OK {"ok":"ok"}
POST workshop 2058354 -> 200 OK {"ok":"ok"}
POST workshop 2058357 -> 200 OK {"ok":"ok"}
POST workshop 2058358 -> 200 OK {"ok":"ok"}
POST workshop 2058359 -> 200 OK {"ok":"ok"}
POST workshop 2058360 -> 200 OK {"ok":"ok"}
POST workshop 2055570 -> 200 OK {"ok":"ok"}
POST workshop 2058355 -> 200 OK {"ok":"ok"}
POST workshop 2058361 -> 200 OK {"ok":"ok"}
POST workshop 2058362 -> 200 OK {"ok":"ok"}
POST workshop 2058363 -> 200 OK {"ok":"ok"}
POST workshop 2058364 -> 200 OK {"ok":"ok"}
POST workshop 2058356 -> 200 OK {"ok":"ok"}
POST workshop 2055573 -> 200 OK {"ok":"ok"}
POST workshop 2058365 -> 200 OK {"ok":"ok"}
POST workshop 2058366 -> 200 OK {"ok":"ok"}
POST workshop 2058367 -> 200 OK {"ok":"ok"}
POST workshop 2058368 -> 200 OK {"ok":"ok"}
2026/08/12 14:40:22 [8/98] BELMONT: 138 upcoming workshops
POST workshop 2057694 -> 200 OK {"ok":"ok"}
POST workshop 2057695 -> 200 OK {"ok":"ok"}
POST workshop 2057696 -> 200 OK {"ok":"ok"}
POST workshop 2057697 -> 200 OK {"ok":"ok"}
POST workshop 2057698 -> 200 OK {"ok":"ok"}
POST workshop 2057723 -> 200 OK {"ok":"ok"}
POST workshop 2057724 -> 200 OK {"ok":"ok"}
POST workshop 2057725 -> 200 OK {"ok":"ok"}
POST workshop 2057726 -> 200 OK {"ok":"ok"}
POST workshop 2057727 -> 200 OK {"ok":"ok"}
POST workshop 2057728 -> 200 OK {"ok":"ok"}
POST workshop 2057729 -> 200 OK {"ok":"ok"}
POST workshop 2057730 -> 200 OK {"ok":"ok"}
POST workshop 2057731 -> 200 OK {"ok":"ok"}
POST workshop 2057732 -> 200 OK {"ok":"ok"}
POST workshop 2057733 -> 200 OK {"ok":"ok"}
POST workshop 2057734 -> 200 OK {"ok":"ok"}
POST workshop 2057735 -> 200 OK {"ok":"ok"}
POST workshop 2060576 -> 200 OK {"ok":"ok"}
POST workshop 2060577 -> 200 OK {"ok":"ok"}
POST workshop 2060578 -> 200 OK {"ok":"ok"}
POST workshop 2060579 -> 200 OK {"ok":"ok"}
POST workshop 2060580 -> 200 OK {"ok":"ok"}
POST workshop 2060581 -> 200 OK {"ok":"ok"}
POST workshop 2060594 -> 200 OK {"ok":"ok"}
POST workshop 2060595 -> 200 OK {"ok":"ok"}
POST workshop 2060596 -> 200 OK {"ok":"ok"}
POST workshop 2060597 -> 200 OK {"ok":"ok"}
POST workshop 2060598 -> 200 OK {"ok":"ok"}
POST workshop 2060599 -> 200 OK {"ok":"ok"}
POST workshop 2060600 -> 200 OK {"ok":"ok"}
POST workshop 2060601 -> 200 OK {"ok":"ok"}
POST workshop 2060602 -> 200 OK {"ok":"ok"}
POST workshop 2060603 -> 200 OK {"ok":"ok"}
POST workshop 2060604 -> 200 OK {"ok":"ok"}
POST workshop 2060605 -> 200 OK {"ok":"ok"}
POST workshop 2060606 -> 200 OK {"ok":"ok"}
POST workshop 2060607 -> 200 OK {"ok":"ok"}
POST workshop 2060608 -> 200 OK {"ok":"ok"}
POST workshop 2060609 -> 200 OK {"ok":"ok"}
POST workshop 2060610 -> 200 OK {"ok":"ok"}
POST workshop 2060611 -> 200 OK {"ok":"ok"}
POST workshop 2060612 -> 200 OK {"ok":"ok"}
POST workshop 2060613 -> 200 OK {"ok":"ok"}
POST workshop 2060614 -> 200 OK {"ok":"ok"}
POST workshop 2060615 -> 200 OK {"ok":"ok"}
POST workshop 2057702 -> 200 OK {"ok":"ok"}
POST workshop 2057703 -> 200 OK {"ok":"ok"}
POST workshop 2057704 -> 200 OK {"ok":"ok"}
POST workshop 2057705 -> 200 OK {"ok":"ok"}
POST workshop 2057706 -> 200 OK {"ok":"ok"}
POST workshop 2057744 -> 200 OK {"ok":"ok"}
POST workshop 2057745 -> 200 OK {"ok":"ok"}
POST workshop 2057746 -> 200 OK {"ok":"ok"}
POST workshop 2057747 -> 200 OK {"ok":"ok"}
POST workshop 2057748 -> 200 OK {"ok":"ok"}
POST workshop 2057749 -> 200 OK {"ok":"ok"}
POST workshop 2057750 -> 200 OK {"ok":"ok"}
POST workshop 2057751 -> 200 OK {"ok":"ok"}
POST workshop 2057752 -> 200 OK {"ok":"ok"}
POST workshop 2057753 -> 200 OK {"ok":"ok"}
POST workshop 2057754 -> 200 OK {"ok":"ok"}
POST workshop 2057755 -> 200 OK {"ok":"ok"}
POST workshop 2057756 -> 200 OK {"ok":"ok"}
POST workshop 2060582 -> 200 OK {"ok":"ok"}
POST workshop 2060583 -> 200 OK {"ok":"ok"}
POST workshop 2060584 -> 200 OK {"ok":"ok"}
POST workshop 2060585 -> 200 OK {"ok":"ok"}
POST workshop 2060586 -> 200 OK {"ok":"ok"}
POST workshop 2060587 -> 200 OK {"ok":"ok"}
POST workshop 2060616 -> 200 OK {"ok":"ok"}
POST workshop 2060617 -> 200 OK {"ok":"ok"}
POST workshop 2060618 -> 200 OK {"ok":"ok"}
POST workshop 2060619 -> 200 OK {"ok":"ok"}
POST workshop 2060620 -> 200 OK {"ok":"ok"}
POST workshop 2060621 -> 200 OK {"ok":"ok"}
POST workshop 2060622 -> 200 OK {"ok":"ok"}
POST workshop 2060623 -> 200 OK {"ok":"ok"}
POST workshop 2060624 -> 200 OK {"ok":"ok"}
POST workshop 2060625 -> 200 OK {"ok":"ok"}
POST workshop 2060626 -> 200 OK {"ok":"ok"}
POST workshop 2060627 -> 200 OK {"ok":"ok"}
POST workshop 2060628 -> 200 OK {"ok":"ok"}
POST workshop 2060629 -> 200 OK {"ok":"ok"}
POST workshop 2060630 -> 200 OK {"ok":"ok"}
POST workshop 2060631 -> 200 OK {"ok":"ok"}
POST workshop 2060632 -> 200 OK {"ok":"ok"}
POST workshop 2060633 -> 200 OK {"ok":"ok"}
POST workshop 2060634 -> 200 OK {"ok":"ok"}
POST workshop 2060635 -> 200 OK {"ok":"ok"}
POST workshop 2060636 -> 200 OK {"ok":"ok"}
POST workshop 2060637 -> 200 OK {"ok":"ok"}
POST workshop 2057710 -> 200 OK {"ok":"ok"}
POST workshop 2057711 -> 200 OK {"ok":"ok"}
POST workshop 2057712 -> 200 OK {"ok":"ok"}
POST workshop 2057713 -> 200 OK {"ok":"ok"}
POST workshop 2057714 -> 200 OK {"ok":"ok"}
POST workshop 2060588 -> 200 OK {"ok":"ok"}
POST workshop 2060589 -> 200 OK {"ok":"ok"}
POST workshop 2060590 -> 200 OK {"ok":"ok"}
POST workshop 2060591 -> 200 OK {"ok":"ok"}
POST workshop 2060592 -> 200 OK {"ok":"ok"}
POST workshop 2060593 -> 200 OK {"ok":"ok"}
POST workshop 2057765 -> 200 OK {"ok":"ok"}
POST workshop 2057766 -> 200 OK {"ok":"ok"}
POST workshop 2057767 -> 200 OK {"ok":"ok"}
POST workshop 2057768 -> 200 OK {"ok":"ok"}
POST workshop 2057769 -> 200 OK {"ok":"ok"}
POST workshop 2057770 -> 200 OK {"ok":"ok"}
POST workshop 2057771 -> 200 OK {"ok":"ok"}
POST workshop 2057772 -> 200 OK {"ok":"ok"}
POST workshop 2057773 -> 200 OK {"ok":"ok"}
POST workshop 2057774 -> 200 OK {"ok":"ok"}
POST workshop 2057775 -> 200 OK {"ok":"ok"}
POST workshop 2057776 -> 200 OK {"ok":"ok"}
POST workshop 2057777 -> 200 OK {"ok":"ok"}
POST workshop 2060638 -> 200 OK {"ok":"ok"}
POST workshop 2060639 -> 200 OK {"ok":"ok"}
POST workshop 2060640 -> 200 OK {"ok":"ok"}
POST workshop 2060641 -> 200 OK {"ok":"ok"}
POST workshop 2060642 -> 200 OK {"ok":"ok"}
POST workshop 2060643 -> 200 OK {"ok":"ok"}
POST workshop 2060644 -> 200 OK {"ok":"ok"}
POST workshop 2060645 -> 200 OK {"ok":"ok"}
POST workshop 2060646 -> 200 OK {"ok":"ok"}
POST workshop 2060647 -> 200 OK {"ok":"ok"}
POST workshop 2060648 -> 200 OK {"ok":"ok"}
POST workshop 2060649 -> 200 OK {"ok":"ok"}
POST workshop 2060650 -> 200 OK {"ok":"ok"}
POST workshop 2060651 -> 200 OK {"ok":"ok"}
POST workshop 2060652 -> 200 OK {"ok":"ok"}
POST workshop 2060653 -> 200 OK {"ok":"ok"}
POST workshop 2060654 -> 200 OK {"ok":"ok"}
POST workshop 2060655 -> 200 OK {"ok":"ok"}
POST workshop 2060656 -> 200 OK {"ok":"ok"}
POST workshop 2060657 -> 200 OK {"ok":"ok"}
POST workshop 2060658 -> 200 OK {"ok":"ok"}
POST workshop 2060659 -> 200 OK {"ok":"ok"}
